[2026-08-05 23:18:32] ==========================================================================
[2026-08-05 23:18:32]  STARTING OVERNIGHT 25M PARAMETER RATIO STUDY (1:3, 1:10, 1:15, 1:20)
[2026-08-05 23:18:32]  Total Tokens to Train: 1.2 Billion Tokens across 4 Models
[2026-08-05 23:18:32] ==========================================================================
[2026-08-05 23:18:32] 
[1/4] STARTING TRAINING: 1:3 Ratio (75M Tokens)
[2026-08-05 23:18:32]       Config: configs/phase_b_25m_1to3_mlx.yaml
[2026-08-05 23:44:31] SUCCESS: Completed training 1:3 Ratio (75M Tokens) in 25.98 minutes.
[2026-08-05 23:44:31]       Running 100 Contextual Probes for 1:3 Ratio (75M Tokens)...
[2026-08-05 23:44:33] 
--- Probe Results for 1:3 Ratio (75M Tokens) ---

===================================================================================================================
 100 CONTEXTUAL PROBES SUITE: phase_b_25m_1to3_mlx
===================================================================================================================
CATEGORY             | PROMPT                       | TARGET   | RANK   | P(target) | CE(-logP) | TOP 3 PREDICTED
-------------------------------------------------------------------------------------------------------------------
Identifier recovery  | return a +                   | b        | #57    | 0.00201  | 6.2085   | 'Ċ', '_', '.'
Identifier recovery  | x = 10\nprint(               | x        | #23    | 0.00415  | 5.4837   | 'Ċ', '_', '.'
Identifier recovery  | def __init__(self,           | name     | #69    | 0.00169  | 6.3807   | 'Ċ', '_', '.'
Identifier recovery  | self.name =                  | name     | #70    | 0.00170  | 6.3794   | 'Ċ', '_', '.'
Identifier recovery  | total = sum(                 | items    | #3243  | 0.00003  | 10.4128   | 'Ċ', '_', '.'
Identifier recovery  | for elem in                  | lst      | #6696  | 0.00001  | 11.6638   | 'Ċ', '_', '.'
Identifier recovery  | res = val *                  | factor   | #6924  | 0.00001  | 11.8163   | 'Ċ', '_', '.'
Identifier recovery  | msg = str(                   | err      | #1699  | 0.00007  | 9.5867   | 'Ċ', '_', '.'
Identifier recovery  | dx = x2 -                    | x1       | #9999  | 0.00000  | 15.0000   | 'Ċ', '_', '.'
Identifier recovery  | data = json.loads(           | text     | #880   | 0.00015  | 8.8117   | 'Ċ', '_', '.'
Identifier recovery  | res = []\nfor x in           | items    | #3128  | 0.00003  | 10.3973   | 'Ċ', '_', '.'
Identifier recovery  | left +                       | right    | #2218  | 0.00005  | 9.8933   | 'Ċ', '_', '.'
Identifier recovery  | width *                      | height   | #5205  | 0.00001  | 11.1552   | 'Ċ', '_', '.'
Function names       | def get_                     | name     | #38    | 0.00291  | 5.8379   | 'Ċ', '_', '.'
Function names       | def set_                     | val      | #442   | 0.00030  | 8.1244   | 'Ċ', '_', '.'
Function names       | def parse_                   | data     | #111   | 0.00112  | 6.7974   | 'Ċ', '_', '.'
Function names       | def build_                   | model    | #362   | 0.00036  | 7.9207   | 'Ċ', '_', '.'
Function names       | def test_                    | func     | #308   | 0.00044  | 7.7207   | 'Ċ', '_', '.'
Function names       | def process_                 | request  | #308   | 0.00044  | 7.7223   | 'Ċ', '_', '.'
Function names       | def validate_                | input    | #468   | 0.00028  | 8.1756   | 'Ċ', '_', '.'
Function names       | def load_                    | config   | #218   | 0.00062  | 7.3786   | 'Ċ', '_', '.'
Function names       | def save_                    | file     | #155   | 0.00082  | 7.1084   | 'Ċ', '_', '.'
Function names       | def calculate_               | total    | #4127  | 0.00002  | 10.7814   | 'Ċ', '_', '.'
Function names       | def convert_                 | type     | #86    | 0.00139  | 6.5759   | 'Ċ', '_', '.'
Function names       | def read_                    | bytes    | #2199  | 0.00005  | 9.8943   | 'Ċ', '_', '.'
Function names       | def create_                  | instance | #1137  | 0.00011  | 9.0963   | 'Ċ', '_', '.'
Keywords             | if x == 1:\n    pass\n       | else     | #2108  | 0.00005  | 9.8794   | 'Ċ', '_', '.'
Keywords             | try:\n    pass\n             | except   | #1133  | 0.00011  | 9.1144   | 'Ċ', '_', '.'
Keywords             | for i in                     | range    | #773   | 0.00017  | 8.6648   | 'Ċ', '_', '.'
Keywords             | with open(path)              | as       | #90    | 0.00137  | 6.5902   | 'Ċ', '_', '.'
Keywords             | if not                       | found    | #398   | 0.00033  | 8.0046   | 'Ċ', '_', '.'
Keywords             | while                        | True     | #265   | 0.00049  | 7.6257   | 'Ċ', '_', '.'
Keywords             | from typing                  | import   | #39    | 0.00291  | 5.8402   | 'Ċ', '_', '.'
Keywords             | assert x is                  | not      | #72    | 0.00161  | 6.4317   | 'Ċ', '_', '.'
Keywords             | if item                      | in       | #31    | 0.00339  | 5.6866   | 'Ċ', '_', '.'
Keywords             | def func():\n                | return   | #25    | 0.00404  | 5.5120   | 'Ċ', '_', '.'
Keywords             | raise ValueError(            | msg      | #218   | 0.00062  | 7.3815   | 'Ċ', '_', '.'
Keywords             | class MyClass(               | object   | #435   | 0.00031  | 8.0929   | 'Ċ', '_', '.'
Keywords             | yield                        | from     | #156   | 0.00082  | 7.1082   | 'Ċ', '_', '.'
Operators            | x = a +                      | b        | #312   | 0.00044  | 7.7373   | 'Ċ', '_', '.'
Operators            | if a ==                      | b        | #313   | 0.00043  | 7.7416   | 'Ċ', '_', '.'
Operators            | x +=                         | 1        | #90    | 0.00136  | 6.5987   | 'Ċ', '_', '.'
Operators            | a >                          | 0        | #66    | 0.00175  | 6.3470   | 'Ċ', '_', '.'
Operators            | x = y *                      | z        | #476   | 0.00028  | 8.1761   | 'Ċ', '_', '.'
Operators            | a !=                         | None     | #103   | 0.00123  | 6.6988   | 'Ċ', '_', '.'
Operators            | count = len(arr) -           | 1        | #93    | 0.00134  | 6.6173   | 'Ċ', '_', '.'
Operators            | if x <=                      | max_val  | #9999  | 0.00000  | 15.0000   | 'Ċ', '_', '.'
Operators            | idx = (i + 1) %              | n        | #195   | 0.00067  | 7.3080   | 'Ċ', '_', '.'
Operators            | res = a &                    | b        | #309   | 0.00044  | 7.7239   | 'Ċ', '_', '.'
Operators            | flags = A |                  | B        | #508   | 0.00026  | 8.2488   | 'Ċ', '_', '.'
Operators            | val = x **                   | 2        | #83    | 0.00142  | 6.5579   | 'Ċ', '_', '.'
Literals             | if x is                      | None     | #103   | 0.00123  | 6.7026   | 'Ċ', '_', '.'
Literals             | flag =                       | True     | #268   | 0.00049  | 7.6252   | 'Ċ', '_', '.'
Literals             | status =                     | False    | #186   | 0.00070  | 7.2618   | 'Ċ', '_', '.'
Literals             | count =                      | 0        | #66    | 0.00174  | 6.3540   | 'Ċ', '_', '.'
Literals             | name =                       | ""       | #1636  | 0.00007  | 9.5298   | 'Ċ', '_', '.'
Literals             | items =                      | []       | #346   | 0.00039  | 7.8594   | 'Ċ', '_', '.'
Literals             | data =                       | {}       | #1076  | 0.00012  | 9.0415   | 'Ċ', '_', '.'
Literals             | rate =                       | 0.0      | #9999  | 0.00000  | 15.0000   | 'Ċ', '_', '.'
Literals             | idx =                        | -1       | #9999  | 0.00000  | 15.0000   | 'Ċ', '_', '.'
Literals             | pi =                         | 3.14     | #9999  | 0.00000  | 15.0000   | 'Ċ', '_', '.'
Literals             | res =                        | 1        | #93    | 0.00134  | 6.6169   | 'Ċ', '_', '.'
Literals             | msg =                        | "hello"  | #9999  | 0.00000  | 15.0000   | 'Ċ', '_', '.'
Imports              | import                       | os       | #279   | 0.00047  | 7.6561   | 'Ċ', '_', '.'
Imports              | import                       | sys      | #461   | 0.00029  | 8.1561   | 'Ċ', '_', '.'
Imports              | import                       | json     | #1056  | 0.00012  | 9.0155   | 'Ċ', '_', '.'
Imports              | import                       | time     | #567   | 0.00023  | 8.3748   | 'Ċ', '_', '.'
Imports              | import                       | math     | #3140  | 0.00003  | 10.3748   | 'Ċ', '_', '.'
Imports              | import                       | re       | #91    | 0.00136  | 6.6033   | 'Ċ', '_', '.'
Imports              | import                       | random   | #688   | 0.00019  | 8.5623   | 'Ċ', '_', '.'
Imports              | from typing import           | List     | #1863  | 0.00006  | 9.6612   | 'Ċ', '_', '.'
Imports              | from pathlib import          | Path     | #5815  | 0.00001  | 11.3216   | 'Ċ', '_', '.'
Imports              | import numpy as              | np       | #125   | 0.00099  | 6.9139   | 'Ċ', '_', '.'
Imports              | import torch.nn as           | nn       | #3013  | 0.00003  | 10.3122   | 'Ċ', '_', '.'
Imports              | from collections import      | defaultdict | #9999  | 0.00000  | 15.0000   | 'Ċ', '_', '.'
Imports              | import logging               | as       | #89    | 0.00137  | 6.5950   | 'Ċ', '_', '.'
Class names          | class                        | Base     | #2962  | 0.00003  | 10.2798   | 'Ċ', '_', '.'
Class names          | class                        | Model    | #6431  | 0.00001  | 11.5923   | 'Ċ', '_', '.'
Class names          | class                        | Config   | #2579  | 0.00004  | 10.0923   | 'Ċ', '_', '.'
Class names          | class                        | Trainer  | #9999  | 0.00000  | 15.0000   | 'Ċ', '_', '.'
Class names          | class                        | User     | #2568  | 0.00004  | 10.0923   | 'Ċ', '_', '.'
Class names          | class                        | Dataset  | #6394  | 0.00001  | 11.5611   | 'Ċ', '_', '.'
Class names          | class                        | Engine   | #4405  | 0.00002  | 10.8423   | 'Ċ', '_', '.'
Class names          | class                        | Handler  | #1022  | 0.00013  | 8.9673   | 'Ċ', '_', '.'
Class names          | class                        | Session  | #6954  | 0.00001  | 11.8111   | 'Ċ', '_', '.'
Class names          | class                        | Exception | #1239  | 0.00010  | 9.1861   | 'Ċ', '_', '.'
Class names          | class                        | Node     | #4636  | 0.00002  | 10.9361   | 'Ċ', '_', '.'
Class names          | class                        | Server   | #3147  | 0.00003  | 10.3423   | 'Ċ', '_', '.'
Attribute names      | self.                        | name     | #38    | 0.00298  | 5.8173   | 'Ċ', '_', '.'
Attribute names      | self.                        | value    | #170   | 0.00077  | 7.1650   | 'Ċ', '_', '.'
Attribute names      | self.                        | config   | #216   | 0.00062  | 7.3837   | 'Ċ', '_', '.'
Attribute names      | self.                        | device   | #1067  | 0.00012  | 9.0400   | 'Ċ', '_', '.'
Attribute names      | self.                        | logger   | #1895  | 0.00006  | 9.7275   | 'Ċ', '_', '.'
Attribute names      | self.                        | state    | #1016  | 0.00012  | 8.9931   | 'Ċ', '_', '.'
Attribute names      | obj.                         | data     | #115   | 0.00112  | 6.7954   | 'Ċ', '_', '.'
Attribute names      | req.                         | json     | #1210  | 0.00010  | 9.1947   | 'Ċ', '_', '.'
Attribute names      | path.                        | exists   | #2285  | 0.00005  | 9.9776   | 'Ċ', '_', '.'
Attribute names      | res.                         | status_code | #9999  | 0.00000  | 15.0000   | 'Ċ', '_', '.'
Attribute names      | torch.                       | cuda     | #9999  | 0.00000  | 15.0000   | 'Ċ', '_', '.'
Attribute names      | os.                          | path     | #155   | 0.00082  | 7.1003   | 'Ċ', '_', '.'
Attribute names      | sys.                         | path     | #153   | 0.00083  | 7.0942   | 'Ċ', '_', '.'

================================================================================
 AGGREGATE PROBE SUMMARY REPORT — phase_b_25m_1to3_mlx
================================================================================
  Total Probes Evaluated : 101
  Overall Average Target CE : 8.9657
  Overall Average Rank      : 2178.9
  Top-1 Accuracy            : 0.00% (0/100)
  Top-5 Accuracy            : 0.00% (0/100)
--------------------------------------------------------------------------------
  Category-Specific Breakdown:
    - Attribute names        : Target CE = 9.0991 | Avg Rank = 2178.3 | Top-5 Acc = 0.0%
    - Class names            : Target CE = 10.8919 | Avg Rank = 4361.3 | Top-5 Acc = 0.0%
    - Function names         : Target CE = 7.9334 | Avg Rank = 766.1 | Top-5 Acc = 0.0%
    - Identifier recovery    : Target CE = 9.4761 | Avg Rank = 3093.2 | Top-5 Acc = 0.0%
    - Imports                : Target CE = 9.1190 | Avg Rank = 2091.2 | Top-5 Acc = 0.0%
    - Keywords               : Target CE = 7.3794 | Avg Rank = 441.8 | Top-5 Acc = 0.0%
    - Literals               : Target CE = 10.0826 | Avg Rank = 3647.5 | Top-5 Acc = 0.0%
    - Operators              : Target CE = 7.8963 | Avg Rank = 1045.6 | Top-5 Acc = 0.0%
================================================================================


[2026-08-05 23:44:33] 
[2/4] STARTING TRAINING: 1:10 Ratio (250M Tokens)
[2026-08-05 23:44:33]       Config: configs/phase_b_25m_1to10_mlx.yaml
[2026-08-06 01:05:35] SUCCESS: Completed training 1:10 Ratio (250M Tokens) in 81.04 minutes.
[2026-08-06 01:05:35]       Running 100 Contextual Probes for 1:10 Ratio (250M Tokens)...
[2026-08-06 01:05:36] 
--- Probe Results for 1:10 Ratio (250M Tokens) ---

===================================================================================================================
 100 CONTEXTUAL PROBES SUITE: phase_b_25m_1to10_mlx
===================================================================================================================
CATEGORY             | PROMPT                       | TARGET   | RANK   | P(target) | CE(-logP) | TOP 3 PREDICTED
-------------------------------------------------------------------------------------------------------------------
Identifier recovery  | return a +                   | b        | #96    | 0.00117  | 6.7497   | 'Ċ', '_', '.'
Identifier recovery  | x = 10\nprint(               | x        | #68    | 0.00169  | 6.3821   | 'Ċ', '_', '.'
Identifier recovery  | def __init__(self,           | name     | #78    | 0.00148  | 6.5173   | 'Ċ', '_', '.'
Identifier recovery  | self.name =                  | name     | #78    | 0.00146  | 6.5279   | 'Ċ', '_', '.'
Identifier recovery  | total = sum(                 | items    | #3125  | 0.00004  | 10.2455   | 'Ċ', '_', '.'
Identifier recovery  | for elem in                  | lst      | #5599  | 0.00001  | 11.1795   | 'Ċ', '_', '.'
Identifier recovery  | res = val *                  | factor   | #3583  | 0.00003  | 10.3672   | 'Ċ', '_', '.'
Identifier recovery  | msg = str(                   | err      | #2269  | 0.00005  | 9.8788   | 'Ċ', '_', '.'
Identifier recovery  | dx = x2 -                    | x1       | #9999  | 0.00000  | 15.0000   | 'Ċ', '_', '.'
Identifier recovery  | data = json.loads(           | text     | #319   | 0.00038  | 7.8726   | 'Ċ', '_', '.'
Identifier recovery  | res = []\nfor x in           | items    | #2988  | 0.00003  | 10.2973   | 'Ċ', '_', '.'
Identifier recovery  | left +                       | right    | #1638  | 0.00007  | 9.5267   | 'Ċ', '_', '.'
Identifier recovery  | width *                      | height   | #3469  | 0.00003  | 10.3268   | 'Ċ', '_', '.'
Function names       | def get_                     | name     | #31    | 0.00354  | 5.6437   | 'Ċ', '_', '.'
Function names       | def set_                     | val      | #711   | 0.00017  | 8.6826   | 'Ċ', '_', '.'
Function names       | def parse_                   | data     | #56    | 0.00209  | 6.1715   | 'Ċ', '_', '.'
Function names       | def build_                   | model    | #775   | 0.00015  | 8.7810   | 'Ċ', '_', '.'
Function names       | def test_                    | func     | #481   | 0.00025  | 8.2870   | 'Ċ', '_', '.'
Function names       | def process_                 | request  | #212   | 0.00055  | 7.5079   | 'Ċ', '_', '.'
Function names       | def validate_                | input    | #816   | 0.00015  | 8.8372   | 'Ċ', '_', '.'
Function names       | def load_                    | config   | #211   | 0.00056  | 7.4943   | 'Ċ', '_', '.'
Function names       | def save_                    | file     | #129   | 0.00091  | 7.0073   | 'Ċ', '_', '.'
Function names       | def calculate_               | total    | #3054  | 0.00003  | 10.2899   | 'Ċ', '_', '.'
Function names       | def convert_                 | type     | #87    | 0.00123  | 6.7030   | 'Ċ', '_', '.'
Function names       | def read_                    | bytes    | #1065  | 0.00011  | 9.0800   | 'Ċ', '_', '.'
Function names       | def create_                  | instance | #537   | 0.00023  | 8.3919   | 'Ċ', '_', '.'
Keywords             | if x == 1:\n    pass\n       | else     | #2054  | 0.00006  | 9.7957   | 'Ċ', '_', '.'
Keywords             | try:\n    pass\n             | except   | #1984  | 0.00006  | 9.7409   | 'Ċ', '_', '.'
Keywords             | for i in                     | range    | #847   | 0.00014  | 8.8437   | 'Ċ', '_', '.'
Keywords             | with open(path)              | as       | #105   | 0.00104  | 6.8639   | 'Ċ', '_', '.'
Keywords             | if not                       | found    | #691   | 0.00019  | 8.5890   | 'Ċ', '_', '.'
Keywords             | while                        | True     | #166   | 0.00069  | 7.2760   | 'Ċ', '_', '.'
Keywords             | from typing                  | import   | #50    | 0.00240  | 6.0318   | 'Ċ', '_', '.'
Keywords             | assert x is                  | not      | #55    | 0.00209  | 6.1722   | 'Ċ', '_', '.'
Keywords             | if item                      | in       | #39    | 0.00299  | 5.8137   | 'Ċ', '_', '.'
Keywords             | def func():\n                | return   | #34    | 0.00331  | 5.7100   | 'Ċ', '_', '.'
Keywords             | raise ValueError(            | msg      | #565   | 0.00021  | 8.4556   | 'Ċ', '_', '.'
Keywords             | class MyClass(               | object   | #230   | 0.00051  | 7.5833   | 'Ċ', '_', '.'
Keywords             | yield                        | from     | #166   | 0.00070  | 7.2601   | 'Ċ', '_', '.'
Operators            | x = a +                      | b        | #179   | 0.00069  | 7.2846   | 'Ċ', '_', '.'
Operators            | if a ==                      | b        | #158   | 0.00072  | 7.2320   | 'Ċ', '_', '.'
Operators            | x +=                         | 1        | #103   | 0.00108  | 6.8283   | 'Ċ', '_', '.'
Operators            | a >                          | 0        | #199   | 0.00060  | 7.4209   | 'Ċ', '_', '.'
Operators            | x = y *                      | z        | #1525  | 0.00011  | 9.1454   | 'Ċ', '_', '.'
Operators            | a !=                         | None     | #36    | 0.00314  | 5.7646   | 'Ċ', '_', '.'
Operators            | count = len(arr) -           | 1        | #98    | 0.00114  | 6.7754   | 'Ċ', '_', '.'
Operators            | if x <=                      | max_val  | #9999  | 0.00000  | 15.0000   | 'Ċ', '_', '.'
Operators            | idx = (i + 1) %              | n        | #323   | 0.00038  | 7.8721   | 'Ċ', '_', '.'
Operators            | res = a &                    | b        | #154   | 0.00073  | 7.2242   | 'Ċ', '_', '.'
Operators            | flags = A |                  | B        | #406   | 0.00031  | 8.0783   | 'Ċ', '_', '.'
Operators            | val = x **                   | 2        | #106   | 0.00104  | 6.8723   | 'Ċ', '_', '.'
Literals             | if x is                      | None     | #38    | 0.00307  | 5.7857   | 'Ċ', '_', '.'
Literals             | flag =                       | True     | #170   | 0.00069  | 7.2847   | 'Ċ', '_', '.'
Literals             | status =                     | False    | #225   | 0.00053  | 7.5469   | 'Ċ', '_', '.'
Literals             | count =                      | 0        | #192   | 0.00062  | 7.3928   | 'Ċ', '_', '.'
Literals             | name =                       | ""       | #2383  | 0.00005  | 9.9833   | 'Ċ', '_', '.'
Literals             | items =                      | []       | #232   | 0.00050  | 7.5974   | 'Ċ', '_', '.'
Literals             | data =                       | {}       | #364   | 0.00034  | 7.9950   | 'Ċ', '_', '.'
Literals             | rate =                       | 0.0      | #9999  | 0.00000  | 15.0000   | 'Ċ', '_', '.'
Literals             | idx =                        | -1       | #9999  | 0.00000  | 15.0000   | 'Ċ', '_', '.'
Literals             | pi =                         | 3.14     | #9999  | 0.00000  | 15.0000   | 'Ċ', '_', '.'
Literals             | res =                        | 1        | #97    | 0.00114  | 6.7765   | 'Ċ', '_', '.'
Literals             | msg =                        | "hello"  | #9999  | 0.00000  | 15.0000   | 'Ċ', '_', '.'
Imports              | import                       | os       | #106   | 0.00106  | 6.8506   | 'Ċ', '_', '.'
Imports              | import                       | sys      | #515   | 0.00025  | 8.3115   | 'Ċ', '_', '.'
Imports              | import                       | json     | #922   | 0.00014  | 8.9053   | 'Ċ', '_', '.'
Imports              | import                       | time     | #478   | 0.00026  | 8.2490   | 'Ċ', '_', '.'
Imports              | import                       | math     | #2620  | 0.00004  | 10.0537   | 'Ċ', '_', '.'
Imports              | import                       | re       | #248   | 0.00048  | 7.6396   | 'Ċ', '_', '.'
Imports              | import                       | random   | #647   | 0.00019  | 8.5459   | 'Ċ', '_', '.'
Imports              | from typing import           | List     | #1308  | 0.00009  | 9.2633   | 'Ċ', '_', '.'
Imports              | from pathlib import          | Path     | #6304  | 0.00001  | 11.4769   | 'Ċ', '_', '.'
Imports              | import numpy as              | np       | #216   | 0.00053  | 7.5489   | 'Ċ', '_', '.'
Imports              | import torch.nn as           | nn       | #1192  | 0.00011  | 9.1345   | 'Ċ', '_', '.'
Imports              | from collections import      | defaultdict | #9999  | 0.00000  | 15.0000   | 'Ċ', '_', '.'
Imports              | import logging               | as       | #109   | 0.00105  | 6.8619   | 'Ċ', '_', '.'
Class names          | class                        | Base     | #1726  | 0.00007  | 9.5949   | 'Ċ', '_', '.'
Class names          | class                        | Model    | #3237  | 0.00003  | 10.3762   | 'Ċ', '_', '.'
Class names          | class                        | Config   | #2671  | 0.00004  | 10.1262   | 'Ċ', '_', '.'
Class names          | class                        | Trainer  | #9999  | 0.00000  | 15.0000   | 'Ċ', '_', '.'
Class names          | class                        | User     | #1269  | 0.00009  | 9.2668   | 'Ċ', '_', '.'
Class names          | class                        | Dataset  | #5852  | 0.00001  | 11.3137   | 'Ċ', '_', '.'
Class names          | class                        | Engine   | #6829  | 0.00001  | 11.7199   | 'Ċ', '_', '.'
Class names          | class                        | Handler  | #1289  | 0.00009  | 9.2824   | 'Ċ', '_', '.'
Class names          | class                        | Session  | #4564  | 0.00002  | 10.8762   | 'Ċ', '_', '.'
Class names          | class                        | Exception | #1431  | 0.00008  | 9.3918   | 'Ċ', '_', '.'
Class names          | class                        | Node     | #3581  | 0.00003  | 10.5168   | 'Ċ', '_', '.'
Class names          | class                        | Server   | #5838  | 0.00001  | 11.3137   | 'Ċ', '_', '.'
Attribute names      | self.                        | name     | #22    | 0.00395  | 5.5347   | 'Ċ', '_', '.'
Attribute names      | self.                        | value    | #144   | 0.00078  | 7.1570   | 'Ċ', '_', '.'
Attribute names      | self.                        | config   | #233   | 0.00050  | 7.5933   | 'Ċ', '_', '.'
Attribute names      | self.                        | device   | #2450  | 0.00004  | 10.0425   | 'Ċ', '_', '.'
Attribute names      | self.                        | logger   | #1162  | 0.00010  | 9.1831   | 'Ċ', '_', '.'
Attribute names      | self.                        | state    | #316   | 0.00038  | 7.8784   | 'Ċ', '_', '.'
Attribute names      | obj.                         | data     | #57    | 0.00204  | 6.1935   | 'Ċ', '_', '.'
Attribute names      | req.                         | json     | #451   | 0.00027  | 8.2290   | 'Ċ', '_', '.'
Attribute names      | path.                        | exists   | #2003  | 0.00006  | 9.7953   | 'Ċ', '_', '.'
Attribute names      | res.                         | status_code | #9999  | 0.00000  | 15.0000   | 'Ċ', '_', '.'
Attribute names      | torch.                       | cuda     | #9999  | 0.00000  | 15.0000   | 'Ċ', '_', '.'
Attribute names      | os.                          | path     | #75    | 0.00156  | 6.4631   | 'Ċ', '_', '.'
Attribute names      | sys.                         | path     | #77    | 0.00149  | 6.5062   | 'Ċ', '_', '.'

================================================================================
 AGGREGATE PROBE SUMMARY REPORT — phase_b_25m_1to10_mlx
================================================================================
  Total Probes Evaluated : 101
  Overall Average Target CE : 8.9004
  Overall Average Rank      : 2033.5
  Top-1 Accuracy            : 0.00% (0/100)
  Top-5 Accuracy            : 0.00% (0/100)
--------------------------------------------------------------------------------
  Category-Specific Breakdown:
    - Attribute names        : Target CE = 8.8135 | Avg Rank = 2076.0 | Top-5 Acc = 0.0%
    - Class names            : Target CE = 10.7315 | Avg Rank = 4023.8 | Top-5 Acc = 0.0%
    - Function names         : Target CE = 7.9136 | Avg Rank = 628.1 | Top-5 Acc = 0.0%
    - Identifier recovery    : Target CE = 9.2978 | Avg Rank = 2562.2 | Top-5 Acc = 0.0%
    - Imports                : Target CE = 9.0647 | Avg Rank = 1897.2 | Top-5 Acc = 0.0%
    - Keywords               : Target CE = 7.5489 | Avg Rank = 537.4 | Top-5 Acc = 0.0%
    - Literals               : Target CE = 10.0302 | Avg Rank = 3641.4 | Top-5 Acc = 0.0%
    - Operators              : Target CE = 7.9582 | Avg Rank = 1107.2 | Top-5 Acc = 0.0%
================================================================================


[2026-08-06 01:05:36] 
[3/4] STARTING TRAINING: 1:15 Ratio (375M Tokens)
[2026-08-06 01:05:36]       Config: configs/phase_b_25m_1to15_mlx.yaml
[2026-08-06 03:06:44] SUCCESS: Completed training 1:15 Ratio (375M Tokens) in 121.13 minutes.
[2026-08-06 03:06:44]       Running 100 Contextual Probes for 1:15 Ratio (375M Tokens)...
[2026-08-06 03:06:45] 
--- Probe Results for 1:15 Ratio (375M Tokens) ---

===================================================================================================================
 100 CONTEXTUAL PROBES SUITE: phase_b_25m_1to15_mlx
===================================================================================================================
CATEGORY             | PROMPT                       | TARGET   | RANK   | P(target) | CE(-logP) | TOP 3 PREDICTED
-------------------------------------------------------------------------------------------------------------------
Identifier recovery  | return a +                   | b        | #87    | 0.00126  | 6.6765   | 'Ċ', '.', '_'
Identifier recovery  | x = 10\nprint(               | x        | #77    | 0.00149  | 6.5101   | 'Ċ', '.', '_'
Identifier recovery  | def __init__(self,           | name     | #74    | 0.00154  | 6.4758   | 'Ċ', '.', '_'
Identifier recovery  | self.name =                  | name     | #75    | 0.00155  | 6.4691   | 'Ċ', '.', '_'
Identifier recovery  | total = sum(                 | items    | #2005  | 0.00005  | 9.8146   | 'Ċ', '.', '_'
Identifier recovery  | for elem in                  | lst      | #7098  | 0.00001  | 11.7246   | 'Ċ', '.', '_'
Identifier recovery  | res = val *                  | factor   | #6922  | 0.00001  | 11.7191   | 'Ċ', '.', '_'
Identifier recovery  | msg = str(                   | err      | #1821  | 0.00006  | 9.7012   | 'Ċ', '.', '_'
Identifier recovery  | dx = x2 -                    | x1       | #9999  | 0.00000  | 15.0000   | 'Ċ', '.', '_'
Identifier recovery  | data = json.loads(           | text     | #630   | 0.00019  | 8.5552   | 'Ċ', '.', '_'
Identifier recovery  | res = []\nfor x in           | items    | #2101  | 0.00006  | 9.7527   | 'Ċ', '.', '_'
Identifier recovery  | left +                       | right    | #2739  | 0.00004  | 10.1399   | 'Ċ', '.', '_'
Identifier recovery  | width *                      | height   | #2579  | 0.00005  | 9.9965   | 'Ċ', '.', '_'
Function names       | def get_                     | name     | #50    | 0.00244  | 6.0174   | 'Ċ', '_', '.'
Function names       | def set_                     | val      | #534   | 0.00023  | 8.3850   | 'Ċ', '_', '.'
Function names       | def parse_                   | data     | #109   | 0.00101  | 6.8996   | 'Ċ', '_', '.'
Function names       | def build_                   | model    | #637   | 0.00019  | 8.5801   | 'Ċ', '_', '.'
Function names       | def test_                    | func     | #403   | 0.00030  | 8.0952   | 'Ċ', '_', '.'
Function names       | def process_                 | request  | #251   | 0.00049  | 7.6170   | 'Ċ', '_', '.'
Function names       | def validate_                | input    | #316   | 0.00040  | 7.8314   | 'Ċ', '_', '.'
Function names       | def load_                    | config   | #137   | 0.00086  | 7.0534   | 'Ċ', '_', '.'
Function names       | def save_                    | file     | #123   | 0.00092  | 6.9900   | 'Ċ', '_', '.'
Function names       | def calculate_               | total    | #2948  | 0.00003  | 10.2667   | 'Ċ', '_', '.'
Function names       | def convert_                 | type     | #65    | 0.00174  | 6.3531   | 'Ċ', '_', '.'
Function names       | def read_                    | bytes    | #355   | 0.00034  | 7.9834   | 'Ċ', '_', '.'
Function names       | def create_                  | instance | #343   | 0.00036  | 7.9422   | 'Ċ', '_', '.'
Keywords             | if x == 1:\n    pass\n       | else     | #1773  | 0.00007  | 9.6405   | 'Ċ', '.', '_'
Keywords             | try:\n    pass\n             | except   | #1558  | 0.00008  | 9.4927   | 'Ċ', '.', '_'
Keywords             | for i in                     | range    | #506   | 0.00026  | 8.2692   | 'Ċ', '.', '_'
Keywords             | with open(path)              | as       | #79    | 0.00148  | 6.5182   | 'Ċ', '_', '.'
Keywords             | if not                       | found    | #1356  | 0.00009  | 9.3084   | 'Ċ', '.', '_'
Keywords             | while                        | True     | #240   | 0.00054  | 7.5237   | 'Ċ', '.', '_'
Keywords             | from typing                  | import   | #55    | 0.00210  | 6.1661   | 'Ċ', '.', '_'
Keywords             | assert x is                  | not      | #41    | 0.00264  | 5.9361   | 'Ċ', '.', '_'
Keywords             | if item                      | in       | #20    | 0.00455  | 5.3925   | 'Ċ', '.', '_'
Keywords             | def func():\n                | return   | #23    | 0.00417  | 5.4794   | 'Ċ', '_', '.'
Keywords             | raise ValueError(            | msg      | #321   | 0.00038  | 7.8709   | 'Ċ', '.', '_'
Keywords             | class MyClass(               | object   | #219   | 0.00058  | 7.4572   | 'Ċ', '.', '_'
Keywords             | yield                        | from     | #154   | 0.00079  | 7.1409   | 'Ċ', '.', '_'
Operators            | x = a +                      | b        | #140   | 0.00084  | 7.0805   | 'Ċ', '.', '_'
Operators            | if a ==                      | b        | #139   | 0.00086  | 7.0625   | 'Ċ', '.', '_'
Operators            | x +=                         | 1        | #71    | 0.00159  | 6.4449   | 'Ċ', '.', '_'
Operators            | a >                          | 0        | #78    | 0.00139  | 6.5792   | 'Ċ', '.', '_'
Operators            | x = y *                      | z        | #1759  | 0.00007  | 9.5370   | 'Ċ', '.', '_'
Operators            | a !=                         | None     | #60    | 0.00189  | 6.2736   | 'Ċ', '.', '_'
Operators            | count = len(arr) -           | 1        | #63    | 0.00176  | 6.3444   | 'Ċ', '_', '.'
Operators            | if x <=                      | max_val  | #9999  | 0.00000  | 15.0000   | 'Ċ', '.', '_'
Operators            | idx = (i + 1) %              | n        | #187   | 0.00066  | 7.3265   | 'Ċ', '.', '_'
Operators            | res = a &                    | b        | #140   | 0.00083  | 7.0949   | 'Ċ', '.', '_'
Operators            | flags = A |                  | B        | #332   | 0.00039  | 7.8570   | 'Ċ', '.', '_'
Operators            | val = x **                   | 2        | #97    | 0.00113  | 6.7862   | 'Ċ', '.', '_'
Literals             | if x is                      | None     | #61    | 0.00184  | 6.2967   | 'Ċ', '.', '_'
Literals             | flag =                       | True     | #226   | 0.00056  | 7.4842   | 'Ċ', '.', '_'
Literals             | status =                     | False    | #152   | 0.00078  | 7.1512   | 'Ċ', '.', '_'
Literals             | count =                      | 0        | #78    | 0.00148  | 6.5178   | 'Ċ', '_', '.'
Literals             | name =                       | ""       | #1855  | 0.00006  | 9.6735   | 'Ċ', '.', '_'
Literals             | items =                      | []       | #298   | 0.00042  | 7.7796   | 'Ċ', '.', '_'
Literals             | data =                       | {}       | #524   | 0.00024  | 8.3448   | 'Ċ', '.', '_'
Literals             | rate =                       | 0.0      | #9999  | 0.00000  | 15.0000   | 'Ċ', '.', '_'
Literals             | idx =                        | -1       | #9999  | 0.00000  | 15.0000   | 'Ċ', '.', '_'
Literals             | pi =                         | 3.14     | #9999  | 0.00000  | 15.0000   | 'Ċ', '.', '_'
Literals             | res =                        | 1        | #69    | 0.00169  | 6.3854   | 'Ċ', '.', '_'
Literals             | msg =                        | "hello"  | #9999  | 0.00000  | 15.0000   | 'Ċ', '.', '_'
Imports              | import                       | os       | #126   | 0.00092  | 6.9944   | 'Ċ', '.', '_'
Imports              | import                       | sys      | #452   | 0.00027  | 8.2015   | 'Ċ', '.', '_'
Imports              | import                       | json     | #872   | 0.00014  | 8.8694   | 'Ċ', '.', '_'
Imports              | import                       | time     | #539   | 0.00023  | 8.3655   | 'Ċ', '.', '_'
Imports              | import                       | math     | #1166  | 0.00010  | 9.1819   | 'Ċ', '.', '_'
Imports              | import                       | re       | #151   | 0.00079  | 7.1429   | 'Ċ', '.', '_'
Imports              | import                       | random   | #608   | 0.00020  | 8.5062   | 'Ċ', '.', '_'
Imports              | from typing import           | List     | #2557  | 0.00005  | 9.9561   | 'Ċ', '.', '_'
Imports              | from pathlib import          | Path     | #3472  | 0.00003  | 10.3371   | 'Ċ', '.', '_'
Imports              | import numpy as              | np       | #423   | 0.00030  | 8.1041   | 'Ċ', '.', '_'
Imports              | import torch.nn as           | nn       | #1449  | 0.00010  | 9.2533   | 'Ċ', '.', '_'
Imports              | from collections import      | defaultdict | #9999  | 0.00000  | 15.0000   | 'Ċ', '.', '_'
Imports              | import logging               | as       | #79    | 0.00142  | 6.5585   | 'Ċ', '.', '_'
Class names          | class                        | Base     | #1607  | 0.00007  | 9.5212   | 'Ċ', '.', '_'
Class names          | class                        | Model    | #3229  | 0.00003  | 10.3493   | 'Ċ', '.', '_'
Class names          | class                        | Config   | #2531  | 0.00004  | 10.0368   | 'Ċ', '.', '_'
Class names          | class                        | Trainer  | #9999  | 0.00000  | 15.0000   | 'Ċ', '.', '_'
Class names          | class                        | User     | #440   | 0.00029  | 8.1618   | 'Ċ', '.', '_'
Class names          | class                        | Dataset  | #5602  | 0.00001  | 11.1618   | 'Ċ', '.', '_'
Class names          | class                        | Engine   | #7294  | 0.00001  | 11.9743   | 'Ċ', '.', '_'
Class names          | class                        | Handler  | #1065  | 0.00011  | 9.0837   | 'Ċ', '.', '_'
Class names          | class                        | Session  | #5126  | 0.00002  | 11.0055   | 'Ċ', '.', '_'
Class names          | class                        | Exception | #1147  | 0.00010  | 9.1618   | 'Ċ', '.', '_'
Class names          | class                        | Node     | #5232  | 0.00002  | 11.0524   | 'Ċ', '.', '_'
Class names          | class                        | Server   | #4721  | 0.00002  | 10.8649   | 'Ċ', '.', '_'
Attribute names      | self.                        | name     | #46    | 0.00243  | 6.0204   | 'Ċ', '.', '_'
Attribute names      | self.                        | value    | #192   | 0.00065  | 7.3456   | 'Ċ', '.', '_'
Attribute names      | self.                        | config   | #147   | 0.00081  | 7.1219   | 'Ċ', '.', '_'
Attribute names      | self.                        | device   | #1074  | 0.00011  | 9.0829   | 'Ċ', '.', '_'
Attribute names      | self.                        | logger   | #1347  | 0.00009  | 9.3250   | 'Ċ', '.', '_'
Attribute names      | self.                        | state    | #342   | 0.00036  | 7.9286   | 'Ċ', '.', '_'
Attribute names      | obj.                         | data     | #103   | 0.00107  | 6.8366   | 'Ċ', '.', '_'
Attribute names      | req.                         | json     | #161   | 0.00075  | 7.1992   | 'Ċ', '.', '_'
Attribute names      | path.                        | exists   | #1660  | 0.00008  | 9.4389   | 'Ċ', '.', '_'
Attribute names      | res.                         | status_code | #9999  | 0.00000  | 15.0000   | 'Ċ', '.', '_'
Attribute names      | torch.                       | cuda     | #9999  | 0.00000  | 15.0000   | 'Ċ', '.', '_'
Attribute names      | os.                          | path     | #82    | 0.00132  | 6.6267   | 'Ċ', '.', '_'
Attribute names      | sys.                         | path     | #83    | 0.00130  | 6.6422   | 'Ċ', '.', '_'

================================================================================
 AGGREGATE PROBE SUMMARY REPORT — phase_b_25m_1to15_mlx
================================================================================
  Total Probes Evaluated : 101
  Overall Average Target CE : 8.8037
  Overall Average Rank      : 1982.9
  Top-1 Accuracy            : 0.00% (0/100)
  Top-5 Accuracy            : 0.00% (0/100)
--------------------------------------------------------------------------------
  Category-Specific Breakdown:
    - Attribute names        : Target CE = 8.7360 | Avg Rank = 1941.2 | Top-5 Acc = 0.0%
    - Class names            : Target CE = 10.6144 | Avg Rank = 3999.4 | Top-5 Acc = 0.0%
    - Function names         : Target CE = 7.6934 | Avg Rank = 482.4 | Top-5 Acc = 0.0%
    - Identifier recovery    : Target CE = 9.4258 | Avg Rank = 2785.2 | Top-5 Acc = 0.0%
    - Imports                : Target CE = 8.9593 | Avg Rank = 1684.1 | Top-5 Acc = 0.0%
    - Keywords               : Target CE = 7.3997 | Avg Rank = 488.1 | Top-5 Acc = 0.0%
    - Literals               : Target CE = 9.9694 | Avg Rank = 3604.9 | Top-5 Acc = 0.0%
    - Operators              : Target CE = 7.7822 | Avg Rank = 1088.8 | Top-5 Acc = 0.0%
================================================================================


[2026-08-06 03:06:45] 
[4/4] STARTING TRAINING: 1:20 Ratio (500M Tokens)
[2026-08-06 03:06:45]       Config: configs/phase_b_25m_1to20_mlx.yaml
[2026-08-06 05:48:23] SUCCESS: Completed training 1:20 Ratio (500M Tokens) in 161.63 minutes.
[2026-08-06 05:48:23]       Running 100 Contextual Probes for 1:20 Ratio (500M Tokens)...
[2026-08-06 05:48:24] 
--- Probe Results for 1:20 Ratio (500M Tokens) ---

===================================================================================================================
 100 CONTEXTUAL PROBES SUITE: phase_b_25m_1to20_mlx
===================================================================================================================
CATEGORY             | PROMPT                       | TARGET   | RANK   | P(target) | CE(-logP) | TOP 3 PREDICTED
-------------------------------------------------------------------------------------------------------------------
Identifier recovery  | return a +                   | b        | #125   | 0.00096  | 6.9446   | 'Ċ', '.', '_'
Identifier recovery  | x = 10\nprint(               | x        | #67    | 0.00166  | 6.3995   | 'Ċ', '.', '_'
Identifier recovery  | def __init__(self,           | name     | #106   | 0.00116  | 6.7604   | 'Ċ', '.', '_'
Identifier recovery  | self.name =                  | name     | #105   | 0.00117  | 6.7490   | 'Ċ', '.', '_'
Identifier recovery  | total = sum(                 | items    | #1390  | 0.00008  | 9.3778   | 'Ċ', '.', '_'
Identifier recovery  | for elem in                  | lst      | #7036  | 0.00001  | 11.6317   | 'Ċ', '.', '_'
Identifier recovery  | res = val *                  | factor   | #3331  | 0.00003  | 10.3252   | 'Ċ', '_', '.'
Identifier recovery  | msg = str(                   | err      | #910   | 0.00013  | 8.9326   | 'Ċ', '.', '_'
Identifier recovery  | dx = x2 -                    | x1       | #9999  | 0.00000  | 15.0000   | 'Ċ', '_', '.'
Identifier recovery  | data = json.loads(           | text     | #415   | 0.00030  | 8.1180   | 'Ċ', '_', '.'
Identifier recovery  | res = []\nfor x in           | items    | #1261  | 0.00010  | 9.1875   | 'Ċ', '.', '_'
Identifier recovery  | left +                       | right    | #3541  | 0.00003  | 10.3614   | 'Ċ', '.', '_'
Identifier recovery  | width *                      | height   | #3318  | 0.00003  | 10.3427   | 'Ċ', '.', '_'
Function names       | def get_                     | name     | #35    | 0.00252  | 5.9833   | '_', 'Ċ', '.'
Function names       | def set_                     | val      | #386   | 0.00035  | 7.9592   | '_', 'Ċ', '.'
Function names       | def parse_                   | data     | #133   | 0.00085  | 7.0655   | '_', 'Ċ', '.'
Function names       | def build_                   | model    | #530   | 0.00027  | 8.2144   | '_', 'Ċ', '.'
Function names       | def test_                    | func     | #665   | 0.00021  | 8.4807   | '_', 'Ċ', '.'
Function names       | def process_                 | request  | #251   | 0.00050  | 7.5929   | '_', 'Ċ', '.'
Function names       | def validate_                | input    | #716   | 0.00018  | 8.5970   | '_', 'Ċ', '.'
Function names       | def load_                    | config   | #531   | 0.00026  | 8.2565   | '_', 'Ċ', '.'
Function names       | def save_                    | file     | #158   | 0.00073  | 7.2251   | '_', 'Ċ', '.'
Function names       | def calculate_               | total    | #3564  | 0.00004  | 10.1988   | '_', 'Ċ', '.'
Function names       | def convert_                 | type     | #85    | 0.00127  | 6.6651   | '_', 'Ċ', '.'
Function names       | def read_                    | bytes    | #920   | 0.00014  | 8.8426   | '_', 'Ċ', '.'
Function names       | def create_                  | instance | #366   | 0.00037  | 7.9085   | '_', 'Ċ', '.'
Keywords             | if x == 1:\n    pass\n       | else     | #2857  | 0.00004  | 10.1685   | 'Ċ', '.', '_'
Keywords             | try:\n    pass\n             | except   | #930   | 0.00013  | 8.9172   | 'Ċ', '.', '_'
Keywords             | for i in                     | range    | #651   | 0.00020  | 8.5134   | 'Ċ', '.', '_'
Keywords             | with open(path)              | as       | #94    | 0.00126  | 6.6760   | 'Ċ', '.', '_'
Keywords             | if not                       | found    | #756   | 0.00017  | 8.6841   | 'Ċ', '.', '_'
Keywords             | while                        | True     | #158   | 0.00080  | 7.1270   | 'Ċ', '.', '_'
Keywords             | from typing                  | import   | #42    | 0.00247  | 6.0054   | 'Ċ', '.', '_'
Keywords             | assert x is                  | not      | #48    | 0.00225  | 6.0974   | 'Ċ', '_', '.'
Keywords             | if item                      | in       | #26    | 0.00375  | 5.5864   | 'Ċ', '.', '_'
Keywords             | def func():\n                | return   | #60    | 0.00178  | 6.3290   | 'Ċ', '.', '_'
Keywords             | raise ValueError(            | msg      | #551   | 0.00023  | 8.3754   | 'Ċ', '.', '_'
Keywords             | class MyClass(               | object   | #200   | 0.00061  | 7.4002   | 'Ċ', '.', '_'
Keywords             | yield                        | from     | #129   | 0.00094  | 6.9706   | 'Ċ', '.', '_'
Operators            | x = a +                      | b        | #147   | 0.00083  | 7.0989   | 'Ċ', '.', '_'
Operators            | if a ==                      | b        | #154   | 0.00080  | 7.1263   | 'Ċ', '.', '_'
Operators            | x +=                         | 1        | #88    | 0.00130  | 6.6440   | 'Ċ', '.', '_'
Operators            | a >                          | 0        | #68    | 0.00163  | 6.4191   | 'Ċ', '.', '_'
Operators            | x = y *                      | z        | #835   | 0.00015  | 8.8201   | 'Ċ', '_', '.'
Operators            | a !=                         | None     | #81    | 0.00146  | 6.5301   | 'Ċ', '.', '_'
Operators            | count = len(arr) -           | 1        | #83    | 0.00135  | 6.6062   | 'Ċ', '_', '.'
Operators            | if x <=                      | max_val  | #9999  | 0.00000  | 15.0000   | 'Ċ', '_', '.'
Operators            | idx = (i + 1) %              | n        | #208   | 0.00061  | 7.4083   | 'Ċ', '_', '.'
Operators            | res = a &                    | b        | #146   | 0.00083  | 7.0975   | 'Ċ', '_', '.'
Operators            | flags = A |                  | B        | #348   | 0.00038  | 7.8878   | 'Ċ', '_', '.'
Operators            | val = x **                   | 2        | #195   | 0.00062  | 7.3780   | 'Ċ', '_', '.'
Literals             | if x is                      | None     | #72    | 0.00160  | 6.4347   | 'Ċ', '.', '_'
Literals             | flag =                       | True     | #146   | 0.00083  | 7.0906   | 'Ċ', '.', '_'
Literals             | status =                     | False    | #227   | 0.00057  | 7.4702   | 'Ċ', '_', '.'
Literals             | count =                      | 0        | #65    | 0.00164  | 6.4107   | 'Ċ', '_', '.'
Literals             | name =                       | ""       | #2102  | 0.00006  | 9.8051   | 'Ċ', '_', '.'
Literals             | items =                      | []       | #440   | 0.00030  | 8.1117   | 'Ċ', '_', '.'
Literals             | data =                       | {}       | #345   | 0.00037  | 7.8925   | 'Ċ', '.', '_'
Literals             | rate =                       | 0.0      | #9999  | 0.00000  | 15.0000   | 'Ċ', '.', '_'
Literals             | idx =                        | -1       | #9999  | 0.00000  | 15.0000   | 'Ċ', '_', '.'
Literals             | pi =                         | 3.14     | #9999  | 0.00000  | 15.0000   | 'Ċ', '_', '.'
Literals             | res =                        | 1        | #93    | 0.00124  | 6.6938   | 'Ċ', '_', '.'
Literals             | msg =                        | "hello"  | #9999  | 0.00000  | 15.0000   | 'Ċ', '_', '.'
Imports              | import                       | os       | #183   | 0.00068  | 7.2920   | 'Ċ', '.', '_'
Imports              | import                       | sys      | #493   | 0.00027  | 8.2177   | 'Ċ', '.', '_'
Imports              | import                       | json     | #520   | 0.00026  | 8.2627   | 'Ċ', '.', '_'
Imports              | import                       | time     | #375   | 0.00035  | 7.9619   | 'Ċ', '.', '_'
Imports              | import                       | math     | #1979  | 0.00006  | 9.6787   | 'Ċ', '.', '_'
Imports              | import                       | re       | #131   | 0.00090  | 7.0107   | 'Ċ', '.', '_'
Imports              | import                       | random   | #1560  | 0.00008  | 9.4287   | 'Ċ', '.', '_'
Imports              | from typing import           | List     | #2075  | 0.00006  | 9.7393   | 'Ċ', '.', '_'
Imports              | from pathlib import          | Path     | #5798  | 0.00001  | 11.1662   | 'Ċ', '.', '_'
Imports              | import numpy as              | np       | #285   | 0.00046  | 7.6927   | 'Ċ', '.', '_'
Imports              | import torch.nn as           | nn       | #3285  | 0.00003  | 10.2844   | 'Ċ', '.', '_'
Imports              | from collections import      | defaultdict | #9999  | 0.00000  | 15.0000   | 'Ċ', '.', '_'
Imports              | import logging               | as       | #88    | 0.00137  | 6.5957   | 'Ċ', '.', '_'
Class names          | class                        | Base     | #1606  | 0.00008  | 9.4903   | 'Ċ', '_', '.'
Class names          | class                        | Model    | #4381  | 0.00002  | 10.7247   | 'Ċ', '_', '.'
Class names          | class                        | Config   | #3160  | 0.00003  | 10.3028   | 'Ċ', '_', '.'
Class names          | class                        | Trainer  | #9999  | 0.00000  | 15.0000   | 'Ċ', '_', '.'
Class names          | class                        | User     | #1762  | 0.00007  | 9.5997   | 'Ċ', '_', '.'
Class names          | class                        | Dataset  | #3712  | 0.00003  | 10.4903   | 'Ċ', '_', '.'
Class names          | class                        | Engine   | #5541  | 0.00002  | 11.0997   | 'Ċ', '_', '.'
Class names          | class                        | Handler  | #1368  | 0.00009  | 9.3340   | 'Ċ', '_', '.'
Class names          | class                        | Session  | #7061  | 0.00001  | 11.7403   | 'Ċ', '_', '.'
Class names          | class                        | Exception | #1387  | 0.00009  | 9.3497   | 'Ċ', '_', '.'
Class names          | class                        | Node     | #4659  | 0.00002  | 10.8184   | 'Ċ', '_', '.'
Class names          | class                        | Server   | #4878  | 0.00002  | 10.8809   | 'Ċ', '_', '.'
Attribute names      | self.                        | name     | #38    | 0.00274  | 5.9008   | 'Ċ', '.', '_'
Attribute names      | self.                        | value    | #225   | 0.00056  | 7.4848   | 'Ċ', '.', '_'
Attribute names      | self.                        | config   | #458   | 0.00028  | 8.1782   | 'Ċ', '.', '_'
Attribute names      | self.                        | device   | #1549  | 0.00008  | 9.4633   | 'Ċ', '.', '_'
Attribute names      | self.                        | logger   | #1348  | 0.00009  | 9.3227   | 'Ċ', '.', '_'
Attribute names      | self.                        | state    | #453   | 0.00028  | 8.1684   | 'Ċ', '.', '_'
Attribute names      | obj.                         | data     | #144   | 0.00084  | 7.0778   | 'Ċ', '.', '_'
Attribute names      | req.                         | json     | #650   | 0.00020  | 8.5199   | 'Ċ', '.', '_'
Attribute names      | path.                        | exists   | #1282  | 0.00010  | 9.2507   | 'Ċ', '.', '_'
Attribute names      | res.                         | status_code | #9999  | 0.00000  | 15.0000   | 'Ċ', '.', '_'
Attribute names      | torch.                       | cuda     | #9999  | 0.00000  | 15.0000   | 'Ċ', '.', '_'
Attribute names      | os.                          | path     | #101   | 0.00117  | 6.7548   | 'Ċ', '.', '_'
Attribute names      | sys.                         | path     | #102   | 0.00117  | 6.7518   | 'Ċ', '.', '_'

================================================================================
 AGGREGATE PROBE SUMMARY REPORT — phase_b_25m_1to20_mlx
================================================================================
  Total Probes Evaluated : 101
  Overall Average Target CE : 8.8904
  Overall Average Rank      : 2028.9
  Top-1 Accuracy            : 0.00% (0/100)
  Top-5 Accuracy            : 0.00% (0/100)
--------------------------------------------------------------------------------
  Category-Specific Breakdown:
    - Attribute names        : Target CE = 8.9903 | Avg Rank = 2026.8 | Top-5 Acc = 0.0%
    - Class names            : Target CE = 10.7359 | Avg Rank = 4126.2 | Top-5 Acc = 0.0%
    - Function names         : Target CE = 7.9223 | Avg Rank = 641.5 | Top-5 Acc = 0.0%
    - Identifier recovery    : Target CE = 9.2408 | Avg Rank = 2431.1 | Top-5 Acc = 0.0%
    - Imports                : Target CE = 9.1024 | Avg Rank = 2059.3 | Top-5 Acc = 0.0%
    - Keywords               : Target CE = 7.4500 | Avg Rank = 500.2 | Top-5 Acc = 0.0%
    - Literals               : Target CE = 9.9924 | Avg Rank = 3623.8 | Top-5 Acc = 0.0%
    - Operators              : Target CE = 7.8347 | Avg Rank = 1029.3 | Top-5 Acc = 0.0%
================================================================================


[2026-08-06 05:48:24] 
==========================================================================
[2026-08-06 05:48:24]  OVERNIGHT 25M RATIO STUDY COMPLETED IN 6.50 HOURS!
[2026-08-06 05:48:24] ==========================================================================
