[2026-08-07 00:39:05] ==========================================================================
[2026-08-07 00:39:05]  STARTING OVERNIGHT 50M PARAMETER RATIO STUDY (1:1, 1:10, 1:20)
[2026-08-07 00:39:05]  Hardware: Apple MLX Unified GPU (bf16 Precision)
[2026-08-07 00:39:05]  Batching: Micro-batch 32 × 8 Gradient Accumulation = 256 Effective Batch
[2026-08-07 00:39:05]  Total Tokens to Train: 1.55 Billion Tokens across 3 Models
[2026-08-07 00:39:05] ==========================================================================
[2026-08-07 00:39:05] 
[1/3] STARTING TRAINING: 1:1 Ratio (50M Tokens)
[2026-08-07 00:39:05]       Config: configs/phase_b_50m_1to1_mlx.yaml
[2026-08-07 01:07:13] SUCCESS: Completed training 1:1 Ratio (50M Tokens) in 28.14 minutes.
[2026-08-07 01:07:13]       Running 100 Contextual Probes for 1:1 Ratio (50M Tokens) on checkpoints/phase_b_50m_1to1_mlx...
[2026-08-07 01:07:14] 
--- Probe Results for 1:1 Ratio (50M Tokens) ---

===================================================================================================================
 100 CONTEXTUAL PROBES SUITE: phase_b_50m_1to1_mlx
===================================================================================================================
CATEGORY             | PROMPT                       | TARGET   | RANK   | P(target) | CE(-logP) | TOP 3 PREDICTED
-------------------------------------------------------------------------------------------------------------------
Identifier recovery  | return a +                   | b        | #105   | 0.00106  | 6.8490   | 'Ċ', '_', '.'
Identifier recovery  | x = 10\nprint(               | x        | #70    | 0.00157  | 6.4540   | 'Ċ', '_', '.'
Identifier recovery  | def __init__(self,           | name     | #159   | 0.00077  | 7.1726   | 'Ċ', '_', '.'
Identifier recovery  | self.name =                  | name     | #157   | 0.00078  | 7.1611   | 'Ċ', '_', '.'
Identifier recovery  | total = sum(                 | items    | #2346  | 0.00005  | 9.9883   | 'Ċ', '_', '.'
Identifier recovery  | for elem in                  | lst      | #7031  | 0.00001  | 11.9295   | 'Ċ', '_', '.'
Identifier recovery  | res = val *                  | factor   | #715   | 0.00019  | 8.5567   | 'Ċ', '_', '.'
Identifier recovery  | msg = str(                   | err      | #1995  | 0.00006  | 9.7966   | 'Ċ', '_', '.'
Identifier recovery  | dx = x2 -                    | x1       | #9999  | 0.00000  | 15.0000   | 'Ċ', '_', '.'
Identifier recovery  | data = json.loads(           | text     | #492   | 0.00027  | 8.2163   | 'Ċ', '_', '.'
Identifier recovery  | res = []\nfor x in           | items    | #2336  | 0.00004  | 10.0513   | 'Ċ', '_', '.'
Identifier recovery  | left +                       | right    | #3065  | 0.00003  | 10.3151   | 'Ċ', '_', '.'
Identifier recovery  | width *                      | height   | #3926  | 0.00002  | 10.7116   | 'Ċ', '_', '.'
Function names       | def get_                     | name     | #50    | 0.00225  | 6.0982   | 'Ċ', '_', '.'
Function names       | def set_                     | val      | #847   | 0.00015  | 8.7980   | 'Ċ', '_', '.'
Function names       | def parse_                   | data     | #56    | 0.00192  | 6.2536   | 'Ċ', '_', '.'
Function names       | def build_                   | model    | #879   | 0.00015  | 8.8141   | 'Ċ', '_', '.'
Function names       | def test_                    | func     | #624   | 0.00022  | 8.4095   | 'Ċ', '_', '.'
Function names       | def process_                 | request  | #87    | 0.00127  | 6.6714   | 'Ċ', '_', '.'
Function names       | def validate_                | input    | #1233  | 0.00010  | 9.2224   | 'Ċ', '_', '.'
Function names       | def load_                    | config   | #517   | 0.00026  | 8.2389   | 'Ċ', '_', '.'
Function names       | def save_                    | file     | #261   | 0.00049  | 7.6240   | 'Ċ', '_', '.'
Function names       | def calculate_               | total    | #4717  | 0.00002  | 11.0502   | 'Ċ', '_', '.'
Function names       | def convert_                 | type     | #84    | 0.00130  | 6.6432   | 'Ċ', '_', '.'
Function names       | def read_                    | bytes    | #989   | 0.00013  | 8.9513   | 'Ċ', '_', '.'
Function names       | def create_                  | instance | #1277  | 0.00009  | 9.2702   | 'Ċ', '_', '.'
Keywords             | if x == 1:\n    pass\n       | else     | #520   | 0.00026  | 8.2661   | 'Ċ', '_', '.'
Keywords             | try:\n    pass\n             | except   | #922   | 0.00014  | 8.9092   | 'Ċ', '_', '.'
Keywords             | for i in                     | range    | #444   | 0.00030  | 8.1110   | 'Ċ', '_', '.'
Keywords             | with open(path)              | as       | #117   | 0.00098  | 6.9312   | 'Ċ', '_', '.'
Keywords             | if not                       | found    | #1561  | 0.00008  | 9.4674   | 'Ċ', '_', '.'
Keywords             | while                        | True     | #119   | 0.00098  | 6.9251   | 'Ċ', '_', '.'
Keywords             | from typing                  | import   | #59    | 0.00185  | 6.2905   | 'Ċ', '_', '.'
Keywords             | assert x is                  | not      | #55    | 0.00194  | 6.2427   | 'Ċ', '_', '.'
Keywords             | if item                      | in       | #18    | 0.00526  | 5.2484   | 'Ċ', '_', '.'
Keywords             | def func():\n                | return   | #25    | 0.00413  | 5.4901   | 'Ċ', '_', '.'
Keywords             | raise ValueError(            | msg      | #562   | 0.00024  | 8.3260   | 'Ċ', '_', '.'
Keywords             | class MyClass(               | object   | #115   | 0.00098  | 6.9279   | 'Ċ', '_', '.'
Keywords             | yield                        | from     | #327   | 0.00039  | 7.8397   | 'Ċ', '_', '.'
Operators            | x = a +                      | b        | #117   | 0.00098  | 6.9255   | 'Ċ', '_', '.'
Operators            | if a ==                      | b        | #116   | 0.00098  | 6.9243   | 'Ċ', '_', '.'
Operators            | x +=                         | 1        | #160   | 0.00077  | 7.1707   | 'Ċ', '_', '.'
Operators            | a >                          | 0        | #107   | 0.00106  | 6.8532   | 'Ċ', '_', '.'
Operators            | x = y *                      | z        | #1341  | 0.00009  | 9.3083   | 'Ċ', '_', '.'
Operators            | a !=                         | None     | #39    | 0.00278  | 5.8865   | 'Ċ', '_', '.'
Operators            | count = len(arr) -           | 1        | #161   | 0.00077  | 7.1723   | 'Ċ', '_', '.'
Operators            | if x <=                      | max_val  | #9999  | 0.00000  | 15.0000   | 'Ċ', '_', '.'
Operators            | idx = (i + 1) %              | n        | #389   | 0.00033  | 8.0207   | 'Ċ', '_', '.'
Operators            | res = a &                    | b        | #119   | 0.00098  | 6.9326   | 'Ċ', '_', '.'
Operators            | flags = A |                  | B        | #459   | 0.00029  | 8.1317   | 'Ċ', '_', '.'
Operators            | val = x **                   | 2        | #205   | 0.00060  | 7.4175   | 'Ċ', '_', '.'
Literals             | if x is                      | None     | #39    | 0.00278  | 5.8861   | 'Ċ', '_', '.'
Literals             | flag =                       | True     | #117   | 0.00098  | 6.9262   | 'Ċ', '_', '.'
Literals             | status =                     | False    | #478   | 0.00028  | 8.1811   | 'Ċ', '_', '.'
Literals             | count =                      | 0        | #106   | 0.00105  | 6.8630   | 'Ċ', '_', '.'
Literals             | name =                       | ""       | #1517  | 0.00008  | 9.4469   | 'Ċ', '_', '.'
Literals             | items =                      | []       | #315   | 0.00041  | 7.7985   | 'Ċ', '_', '.'
Literals             | data =                       | {}       | #406   | 0.00032  | 8.0430   | 'Ċ', '_', '.'
Literals             | rate =                       | 0.0      | #9999  | 0.00000  | 15.0000   | 'Ċ', '_', '.'
Literals             | idx =                        | -1       | #9999  | 0.00000  | 15.0000   | 'Ċ', '_', '.'
Literals             | pi =                         | 3.14     | #9999  | 0.00000  | 15.0000   | 'Ċ', '_', '.'
Literals             | res =                        | 1        | #162   | 0.00076  | 7.1870   | 'Ċ', '_', '.'
Literals             | msg =                        | "hello"  | #9999  | 0.00000  | 15.0000   | 'Ċ', '_', '.'
Imports              | import                       | os       | #179   | 0.00067  | 7.3076   | 'Ċ', '_', '.'
Imports              | import                       | sys      | #293   | 0.00044  | 7.7217   | 'Ċ', '_', '.'
Imports              | import                       | json     | #656   | 0.00021  | 8.4561   | 'Ċ', '_', '.'
Imports              | import                       | time     | #581   | 0.00023  | 8.3623   | 'Ċ', '_', '.'
Imports              | import                       | math     | #2141  | 0.00005  | 9.8623   | 'Ċ', '_', '.'
Imports              | import                       | re       | #97    | 0.00116  | 6.7569   | 'Ċ', '_', '.'
Imports              | import                       | random   | #938   | 0.00014  | 8.8779   | 'Ċ', '_', '.'
Imports              | from typing import           | List     | #1474  | 0.00008  | 9.4401   | 'Ċ', '_', '.'
Imports              | from pathlib import          | Path     | #4678  | 0.00002  | 10.9936   | 'Ċ', '_', '.'
Imports              | import numpy as              | np       | #454   | 0.00030  | 8.1279   | 'Ċ', '_', '.'
Imports              | import torch.nn as           | nn       | #1869  | 0.00006  | 9.7424   | 'Ċ', '_', '.'
Imports              | from collections import      | defaultdict | #9999  | 0.00000  | 15.0000   | 'Ċ', '_', '.'
Imports              | import logging               | as       | #108   | 0.00102  | 6.8831   | 'Ċ', '_', '.'
Class names          | class                        | Base     | #1323  | 0.00009  | 9.2924   | 'Ċ', '_', '.'
Class names          | class                        | Model    | #1867  | 0.00006  | 9.6830   | 'Ċ', '_', '.'
Class names          | class                        | Config   | #4605  | 0.00002  | 10.9955   | 'Ċ', '_', '.'
Class names          | class                        | Trainer  | #9999  | 0.00000  | 15.0000   | 'Ċ', '_', '.'
Class names          | class                        | User     | #911   | 0.00014  | 8.8393   | 'Ċ', '_', '.'
Class names          | class                        | Dataset  | #5864  | 0.00001  | 11.4330   | 'Ċ', '_', '.'
Class names          | class                        | Engine   | #7247  | 0.00001  | 12.0268   | 'Ċ', '_', '.'
Class names          | class                        | Handler  | #1202  | 0.00010  | 9.1674   | 'Ċ', '_', '.'
Class names          | class                        | Session  | #5363  | 0.00001  | 11.2455   | 'Ċ', '_', '.'
Class names          | class                        | Exception | #2619  | 0.00004  | 10.1362   | 'Ċ', '_', '.'
Class names          | class                        | Node     | #3129  | 0.00003  | 10.3705   | 'Ċ', '_', '.'
Class names          | class                        | Server   | #2644  | 0.00004  | 10.1362   | 'Ċ', '_', '.'
Attribute names      | self.                        | name     | #48    | 0.00232  | 6.0661   | 'Ċ', '_', '.'
Attribute names      | self.                        | value    | #221   | 0.00055  | 7.4977   | 'Ċ', '_', '.'
Attribute names      | self.                        | config   | #500   | 0.00026  | 8.2399   | 'Ċ', '_', '.'
Attribute names      | self.                        | device   | #922   | 0.00014  | 8.8961   | 'Ċ', '_', '.'
Attribute names      | self.                        | logger   | #699   | 0.00019  | 8.5680   | 'Ċ', '_', '.'
Attribute names      | self.                        | state    | #396   | 0.00032  | 8.0446   | 'Ċ', '_', '.'
Attribute names      | obj.                         | data     | #56    | 0.00193  | 6.2497   | 'Ċ', '_', '.'
Attribute names      | req.                         | json     | #746   | 0.00018  | 8.6505   | 'Ċ', '_', '.'
Attribute names      | path.                        | exists   | #353   | 0.00036  | 7.9167   | 'Ċ', '_', '.'
Attribute names      | res.                         | status_code | #9999  | 0.00000  | 15.0000   | 'Ċ', '_', '.'
Attribute names      | torch.                       | cuda     | #9999  | 0.00000  | 15.0000   | 'Ċ', '_', '.'
Attribute names      | os.                          | path     | #41    | 0.00273  | 5.9023   | 'Ċ', '_', '.'
Attribute names      | sys.                         | path     | #40    | 0.00273  | 5.9022   | 'Ċ', '_', '.'

================================================================================
 AGGREGATE PROBE SUMMARY REPORT — phase_b_50m_1to1_mlx
================================================================================
  Total Probes Evaluated : 101
  Overall Average Target CE : 8.8821
  Overall Average Rank      : 1974.9
  Top-1 Accuracy            : 0.00% (0/100)
  Top-5 Accuracy            : 0.00% (0/100)
--------------------------------------------------------------------------------
  Category-Specific Breakdown:
    - Attribute names        : Target CE = 8.6103 | Avg Rank = 1847.7 | Top-5 Acc = 0.0%
    - Class names            : Target CE = 10.6938 | Avg Rank = 3897.8 | Top-5 Acc = 0.0%
    - Function names         : Target CE = 8.1573 | Avg Rank = 893.9 | Top-5 Acc = 0.0%
    - Identifier recovery    : Target CE = 9.4002 | Avg Rank = 2492.0 | Top-5 Acc = 0.0%
    - Imports                : Target CE = 9.0409 | Avg Rank = 1805.2 | Top-5 Acc = 0.0%
    - Keywords               : Target CE = 7.3058 | Avg Rank = 372.6 | Top-5 Acc = 0.0%
    - Literals               : Target CE = 10.0277 | Avg Rank = 3594.7 | Top-5 Acc = 0.0%
    - Operators              : Target CE = 7.9786 | Avg Rank = 1101.0 | Top-5 Acc = 0.0%
================================================================================


[2026-08-07 01:07:14] 
[2/3] STARTING TRAINING: 1:10 Ratio (500M Tokens)
[2026-08-07 01:07:14]       Config: configs/phase_b_50m_1to10_mlx.yaml
[2026-08-07 05:46:27] SUCCESS: Completed training 1:10 Ratio (500M Tokens) in 279.21 minutes.
[2026-08-07 05:46:27]       Running 100 Contextual Probes for 1:10 Ratio (500M Tokens) on checkpoints/phase_b_50m_1to10_mlx...
[2026-08-07 05:46:28] 
--- Probe Results for 1:10 Ratio (500M Tokens) ---

===================================================================================================================
 100 CONTEXTUAL PROBES SUITE: phase_b_50m_1to10_mlx
===================================================================================================================
CATEGORY             | PROMPT                       | TARGET   | RANK   | P(target) | CE(-logP) | TOP 3 PREDICTED
-------------------------------------------------------------------------------------------------------------------
Identifier recovery  | return a +                   | b        | #55    | 0.00204  | 6.1931   | 'Ċ', '_', '.'
Identifier recovery  | x = 10\nprint(               | x        | #53    | 0.00218  | 6.1272   | 'Ċ', '_', '.'
Identifier recovery  | def __init__(self,           | name     | #93    | 0.00122  | 6.7124   | 'Ċ', '_', '.'
Identifier recovery  | self.name =                  | name     | #91    | 0.00121  | 6.7133   | 'Ċ', '_', '.'
Identifier recovery  | total = sum(                 | items    | #2120  | 0.00006  | 9.7709   | 'Ċ', '_', '.'
Identifier recovery  | for elem in                  | lst      | #6078  | 0.00001  | 11.3828   | 'Ċ', '_', '.'
Identifier recovery  | res = val *                  | factor   | #3917  | 0.00003  | 10.5680   | 'Ċ', '_', '.'
Identifier recovery  | msg = str(                   | err      | #1171  | 0.00009  | 9.2683   | 'Ċ', '_', '.'
Identifier recovery  | dx = x2 -                    | x1       | #9999  | 0.00000  | 15.0000   | 'Ċ', '_', '.'
Identifier recovery  | data = json.loads(           | text     | #233   | 0.00056  | 7.4950   | 'Ċ', '_', '.'
Identifier recovery  | res = []\nfor x in           | items    | #2045  | 0.00006  | 9.7902   | 'Ċ', '_', '.'
Identifier recovery  | left +                       | right    | #1703  | 0.00007  | 9.5915   | 'Ċ', '_', '.'
Identifier recovery  | width *                      | height   | #3343  | 0.00004  | 10.0602   | 'Ċ', '.', '_'
Function names       | def get_                     | name     | #27    | 0.00341  | 5.6803   | 'Ċ', '_', '.'
Function names       | def set_                     | val      | #613   | 0.00020  | 8.5240   | 'Ċ', '_', '.'
Function names       | def parse_                   | data     | #113   | 0.00102  | 6.8875   | 'Ċ', '_', '.'
Function names       | def build_                   | model    | #472   | 0.00026  | 8.2454   | 'Ċ', '_', '.'
Function names       | def test_                    | func     | #555   | 0.00022  | 8.4241   | 'Ċ', '_', '.'
Function names       | def process_                 | request  | #278   | 0.00046  | 7.6820   | 'Ċ', '_', '.'
Function names       | def validate_                | input    | #633   | 0.00019  | 8.5452   | 'Ċ', '_', '.'
Function names       | def load_                    | config   | #387   | 0.00033  | 8.0118   | 'Ċ', '_', '.'
Function names       | def save_                    | file     | #121   | 0.00095  | 6.9552   | 'Ċ', '_', '.'
Function names       | def calculate_               | total    | #2010  | 0.00006  | 9.8033   | 'Ċ', '_', '.'
Function names       | def convert_                 | type     | #79    | 0.00144  | 6.5399   | 'Ċ', '_', '.'
Function names       | def read_                    | bytes    | #1382  | 0.00008  | 9.4102   | 'Ċ', '_', '.'
Function names       | def create_                  | instance | #455   | 0.00028  | 8.1942   | 'Ċ', '_', '.'
Keywords             | if x == 1:\n    pass\n       | else     | #1555  | 0.00007  | 9.5194   | 'Ċ', '_', '.'
Keywords             | try:\n    pass\n             | except   | #1623  | 0.00008  | 9.4737   | 'Ċ', '_', '.'
Keywords             | for i in                     | range    | #868   | 0.00015  | 8.8251   | 'Ċ', '_', '.'
Keywords             | with open(path)              | as       | #148   | 0.00082  | 7.1102   | 'Ċ', '_', '.'
Keywords             | if not                       | found    | #1609  | 0.00009  | 9.3430   | 'Ċ', '_', '.'
Keywords             | while                        | True     | #201   | 0.00065  | 7.3396   | 'Ċ', '_', '.'
Keywords             | from typing                  | import   | #71    | 0.00146  | 6.5304   | 'Ċ', '_', '.'
Keywords             | assert x is                  | not      | #59    | 0.00188  | 6.2784   | 'Ċ', '_', '.'
Keywords             | if item                      | in       | #19    | 0.00360  | 5.6264   | 'Ċ', '_', '.'
Keywords             | def func():\n                | return   | #25    | 0.00368  | 5.6035   | 'Ċ', '_', '.'
Keywords             | raise ValueError(            | msg      | #521   | 0.00025  | 8.2972   | 'Ċ', '_', '.'
Keywords             | class MyClass(               | object   | #271   | 0.00048  | 7.6430   | 'Ċ', '_', '.'
Keywords             | yield                        | from     | #171   | 0.00073  | 7.2282   | 'Ċ', '_', '.'
Operators            | x = a +                      | b        | #179   | 0.00069  | 7.2808   | 'Ċ', '_', '.'
Operators            | if a ==                      | b        | #183   | 0.00070  | 7.2616   | 'Ċ', '_', '.'
Operators            | x +=                         | 1        | #102   | 0.00114  | 6.7772   | 'Ċ', '_', '.'
Operators            | a >                          | 0        | #54    | 0.00212  | 6.1581   | 'Ċ', '_', '.'
Operators            | x = y *                      | z        | #1233  | 0.00010  | 9.2073   | 'Ċ', '_', '.'
Operators            | a !=                         | None     | #59    | 0.00191  | 6.2608   | 'Ċ', '_', '.'
Operators            | count = len(arr) -           | 1        | #101   | 0.00115  | 6.7671   | 'Ċ', '_', '.'
Operators            | if x <=                      | max_val  | #9999  | 0.00000  | 15.0000   | 'Ċ', '.', '_'
Operators            | idx = (i + 1) %              | n        | #280   | 0.00046  | 7.6736   | 'Ċ', '_', '.'
Operators            | res = a &                    | b        | #181   | 0.00069  | 7.2821   | 'Ċ', '_', '.'
Operators            | flags = A |                  | B        | #252   | 0.00051  | 7.5816   | 'Ċ', '_', '.'
Operators            | val = x **                   | 2        | #161   | 0.00075  | 7.1900   | 'Ċ', '_', '.'
Literals             | if x is                      | None     | #60    | 0.00189  | 6.2721   | 'Ċ', '_', '.'
Literals             | flag =                       | True     | #177   | 0.00070  | 7.2711   | 'Ċ', '_', '.'
Literals             | status =                     | False    | #247   | 0.00052  | 7.5589   | 'Ċ', '_', '.'
Literals             | count =                      | 0        | #61    | 0.00186  | 6.2895   | 'Ċ', '_', '.'
Literals             | name =                       | ""       | #1374  | 0.00009  | 9.3699   | 'Ċ', '_', '.'
Literals             | items =                      | []       | #198   | 0.00066  | 7.3271   | 'Ċ', '_', '.'
Literals             | data =                       | {}       | #449   | 0.00028  | 8.1823   | 'Ċ', '_', '.'
Literals             | rate =                       | 0.0      | #9999  | 0.00000  | 15.0000   | 'Ċ', '_', '.'
Literals             | idx =                        | -1       | #9999  | 0.00000  | 15.0000   | 'Ċ', '_', '.'
Literals             | pi =                         | 3.14     | #9999  | 0.00000  | 15.0000   | 'Ċ', '_', '.'
Literals             | res =                        | 1        | #98    | 0.00115  | 6.7720   | 'Ċ', '_', '.'
Literals             | msg =                        | "hello"  | #9999  | 0.00000  | 15.0000   | 'Ċ', '_', '.'
Imports              | import                       | os       | #95    | 0.00118  | 6.7395   | 'Ċ', '_', '.'
Imports              | import                       | sys      | #159   | 0.00078  | 7.1536   | 'Ċ', '_', '.'
Imports              | import                       | json     | #926   | 0.00014  | 8.8411   | 'Ċ', '_', '.'
Imports              | import                       | time     | #573   | 0.00023  | 8.3645   | 'Ċ', '_', '.'
Imports              | import                       | math     | #1872  | 0.00007  | 9.5442   | 'Ċ', '_', '.'
Imports              | import                       | re       | #170   | 0.00073  | 7.2161   | 'Ċ', '_', '.'
Imports              | import                       | random   | #1698  | 0.00008  | 9.4348   | 'Ċ', '_', '.'
Imports              | from typing import           | List     | #2689  | 0.00005  | 9.8394   | 'Ċ', '_', '.'
Imports              | from pathlib import          | Path     | #4405  | 0.00002  | 10.6546   | 'Ċ', '.', '_'
Imports              | import numpy as              | np       | #222   | 0.00058  | 7.4475   | 'Ċ', '_', '.'
Imports              | import torch.nn as           | nn       | #811   | 0.00016  | 8.7642   | 'Ċ', '_', '.'
Imports              | from collections import      | defaultdict | #9999  | 0.00000  | 15.0000   | 'Ċ', '_', '.'
Imports              | import logging               | as       | #148   | 0.00082  | 7.1039   | 'Ċ', '_', '.'
Class names          | class                        | Base     | #1732  | 0.00007  | 9.5424   | 'Ċ', '_', '.'
Class names          | class                        | Model    | #4430  | 0.00002  | 10.7143   | 'Ċ', '_', '.'
Class names          | class                        | Config   | #3485  | 0.00003  | 10.3862   | 'Ċ', '_', '.'
Class names          | class                        | Trainer  | #9999  | 0.00000  | 15.0000   | 'Ċ', '_', '.'
Class names          | class                        | User     | #398   | 0.00032  | 8.0346   | 'Ċ', '_', '.'
Class names          | class                        | Dataset  | #4652  | 0.00002  | 10.7924   | 'Ċ', '_', '.'
Class names          | class                        | Engine   | #4075  | 0.00003  | 10.5893   | 'Ċ', '_', '.'
Class names          | class                        | Handler  | #551   | 0.00023  | 8.3666   | 'Ċ', '_', '.'
Class names          | class                        | Session  | #6299  | 0.00001  | 11.4018   | 'Ċ', '_', '.'
Class names          | class                        | Exception | #1771  | 0.00007  | 9.5737   | 'Ċ', '_', '.'
Class names          | class                        | Node     | #2043  | 0.00006  | 9.7299   | 'Ċ', '_', '.'
Class names          | class                        | Server   | #1824  | 0.00007  | 9.5971   | 'Ċ', '_', '.'
Attribute names      | self.                        | name     | #32    | 0.00322  | 5.7387   | 'Ċ', '.', '_'
Attribute names      | self.                        | value    | #147   | 0.00081  | 7.1137   | 'Ċ', '.', '_'
Attribute names      | self.                        | config   | #311   | 0.00040  | 7.8303   | 'Ċ', '.', '_'
Attribute names      | self.                        | device   | #1265  | 0.00009  | 9.3637   | 'Ċ', '.', '_'
Attribute names      | self.                        | logger   | #1209  | 0.00009  | 9.3090   | 'Ċ', '.', '_'
Attribute names      | self.                        | state    | #420   | 0.00029  | 8.1450   | 'Ċ', '.', '_'
Attribute names      | obj.                         | data     | #124   | 0.00096  | 6.9490   | 'Ċ', '.', '_'
Attribute names      | req.                         | json     | #490   | 0.00026  | 8.2680   | 'Ċ', '_', '.'
Attribute names      | path.                        | exists   | #1774  | 0.00006  | 9.6697   | 'Ċ', '_', '.'
Attribute names      | res.                         | status_code | #9999  | 0.00000  | 15.0000   | 'Ċ', '_', '.'
Attribute names      | torch.                       | cuda     | #9999  | 0.00000  | 15.0000   | 'Ċ', '_', '.'
Attribute names      | os.                          | path     | #78    | 0.00147  | 6.5229   | 'Ċ', '_', '.'
Attribute names      | sys.                         | path     | #76    | 0.00146  | 6.5260   | 'Ċ', '_', '.'

================================================================================
 AGGREGATE PROBE SUMMARY REPORT — phase_b_50m_1to10_mlx
================================================================================
  Total Probes Evaluated : 101
  Overall Average Target CE : 8.8034
  Overall Average Rank      : 1896.6
  Top-1 Accuracy            : 0.00% (0/100)
  Top-5 Accuracy            : 0.00% (0/100)
--------------------------------------------------------------------------------
  Category-Specific Breakdown:
    - Attribute names        : Target CE = 8.8797 | Avg Rank = 1994.2 | Top-5 Acc = 0.0%
    - Class names            : Target CE = 10.3107 | Avg Rank = 3438.2 | Top-5 Acc = 0.0%
    - Function names         : Target CE = 7.9156 | Avg Rank = 548.1 | Top-5 Acc = 0.0%
    - Identifier recovery    : Target CE = 9.1287 | Avg Rank = 2377.0 | Top-5 Acc = 0.0%
    - Imports                : Target CE = 8.9310 | Avg Rank = 1828.2 | Top-5 Acc = 0.0%
    - Keywords               : Target CE = 7.6014 | Avg Rank = 549.3 | Top-5 Acc = 0.0%
    - Literals               : Target CE = 9.9202 | Avg Rank = 3555.0 | Top-5 Acc = 0.0%
    - Operators              : Target CE = 7.8700 | Avg Rank = 1065.3 | Top-5 Acc = 0.0%
================================================================================


[2026-08-07 05:46:28] 
==========================================================================
[2026-08-07 05:46:28]  OVERNIGHT 50M RATIO STUDY COMPLETED IN 5.12 HOURS!
[2026-08-07 05:46:28] ==========================================================================
